// Jest Snapshot v1, https://goo.gl/fbAQLP

exports[`Login snapshot test should render Login 1`] = `
<div
  className=" z-0 h-full"
>
  <main
    className="min-h-[80vh] flex flex-col  md:flex-row items-center w-full justify-center shadow-md relative h-full pb-52 md:pb-1 md:pt-1 pt-10"
  >
    <section
      className="max-w-sm mt-[-60px] md:flex md:items-center md:justify-center md:mx-auto xl:ml-64"
    >
      <img
        alt="vector image of a bus on map"
        className="w-full object-cover "
        src="busMap.png"
      />
    </section>
    <section
      className="flex flex-col  py-3 px-4 w-72 md:w-fit md:min-w-[300px] shadow-main absolute bg-white top-28 md:top-0 md:mx-auto md:relative rounded-lg xl:mr-64"
    >
      <form
        className="flex flex-col w-full px-4"
        id="loginForm"
        onSubmit={[Function]}
      >
        <h2
          className="text-2xl mb-5 text-center font-extrabold"
        >
          Login
        </h2>
        <p
          className="font-bold text-sm font-raleway"
        />
        <p
          className="font-bold capitalize text-red text-sm py-1"
        >
          
        </p>
        <label
          className="capitalize mb-1.5 font-semibold text-sm required"
          htmlFor="email"
        >
          Email:
        </label>
        <input
          className="rounded-md mb-1 p-1 border-2 w-full outline-none focus:border-gray-500"
          id="email"
          name="email"
          onBlur={[Function]}
          onChange={[Function]}
          placeholder="Enter email"
          type="email"
        />
        <p
          className="text-red-600 text-sm pb-3"
          id="email-errors"
        />
        <label
          className="capitalize mb-2 font-semibold required"
          htmlFor="email"
        >
          Password:
        </label>
        <input
          className="rounded-md mb-2 p-1 border-2 w-full outline-none focus:border-gray-500"
          id="password"
          name="password"
          onBlur={[Function]}
          onChange={[Function]}
          placeholder="Enter password"
          type="password"
        />
        <p
          className="text-red-600 text-sm"
        />
        <div>
          <input
            id="show"
            name=""
            onChange={[Function]}
            type="checkbox"
          />
          <label
            className="font-raleway font-bold mx-1 text-sm"
            htmlFor="show"
          >
            Show password
          </label>
        </div>
        <a
          href="/accounts/reset-password"
          onClick={[Function]}
        >
          <h4
            className="text-primary text-right mb-5 text-sm font-bold"
          >
            Forgot password?
          </h4>
        </a>
        <button
          className="bg-primary px-5 py-2 rounded-md text-white w-fit mx-auto hover:bg-hover transition-all hover:transition-all"
          id="login-btn"
        >
          Login
        </button>
      </form>
    </section>
  </main>
</div>
`;

exports[`Login snapshot test test the onValid function 1`] = `[MockFunction]`;
